Turbo Assembler	 Version 3.1	    04/04/18 11:37:34	    Page 1
hw.bat



      1					 ; goto	cmpl
      2	    0000				 .model	tiny
      3						 .386
      4	    0000				 .code
      5						 org 100h
      6	    0100  BA 0108r		 start:	 lea dx, buf
      7	    0103  B4 09				 mov ah, 09h
      8	    0105  CD 21				 int 21h
      9	    0107  C3				 ret
     10	    0108  48 65	6C 6C 6F 2C 20+	 buf	 db 'Hello, world!', 13, 10, '$'
     11		  77 6F	72 6C 64 21 0D+
     12		  0A 24
     13						 end start
Turbo Assembler	 Version 3.1	    04/04/18 11:37:34	    Page 2
Symbol Table




Symbol Name			  Type	 Value

??DATE				  Text	 "04/04/18"
??FILENAME			  Text	 "hw	  "
??TIME				  Text	 "11:37:33"
??VERSION			  Number 030A
@32BIT				  Text	 0
@CODE				  Text	 DGROUP
@CODESIZE			  Text	 0
@CPU				  Text	 0F0FH
@CURSEG				  Text	 _TEXT
@DATA				  Text	 DGROUP
@DATASIZE			  Text	 0
@FILENAME			  Text	 HW
@INTERFACE			  Text	 00H
@MODEL				  Text	 1
@STACK				  Text	 DGROUP
@WORDSIZE			  Text	 2
BUF				  Byte	 DGROUP:0108
START				  Near	 DGROUP:0100

Groups & Segments		  Bit Size Align  Combine Class

DGROUP				  Group
  _DATA				  16  0000 Word	  Public  DATA
  _TEXT				  16  0118 Word	  Public  CODE
